---
source: src/scanner.rs
expression: "scan_tokens(\"(){},.-+;* // (symbols)\")"
---
Ok(
    [
        Token {
            type_: LeftParen,
            lexeme: "(",
            literal: Nil,
            line: 1,
        },
        Token {
            type_: RightParen,
            lexeme: ")",
            literal: Nil,
            line: 1,
        },
        Token {
            type_: LeftBrace,
            lexeme: "{",
            literal: Nil,
            line: 1,
        },
        Token {
            type_: RightBrace,
            lexeme: "}",
            literal: Nil,
            line: 1,
        },
        Token {
            type_: Comma,
            lexeme: ",",
            literal: Nil,
            line: 1,
        },
        Token {
            type_: Dot,
            lexeme: ".",
            literal: Nil,
            line: 1,
        },
        Token {
            type_: Minus,
            lexeme: "-",
            literal: Nil,
            line: 1,
        },
        Token {
            type_: Plus,
            lexeme: "+",
            literal: Nil,
            line: 1,
        },
        Token {
            type_: Semicolon,
            lexeme: ";",
            literal: Nil,
            line: 1,
        },
        Token {
            type_: Star,
            lexeme: "*",
            literal: Nil,
            line: 1,
        },
        Token {
            type_: EOF,
            lexeme: "",
            literal: Nil,
            line: 1,
        },
    ],
)
