---
source: src/scanner.rs
expression: "scan_tokens(\"\\n\\n!a and !!b and !!c != d == e////\")"
---
Ok(
    [
        Token {
            type_: Bang,
            lexeme: "!",
            line: 3,
        },
        Token {
            type_: Identifier,
            lexeme: "a",
            line: 3,
        },
        Token {
            type_: And,
            lexeme: "and",
            line: 3,
        },
        Token {
            type_: Bang,
            lexeme: "!",
            line: 3,
        },
        Token {
            type_: Bang,
            lexeme: "!",
            line: 3,
        },
        Token {
            type_: Identifier,
            lexeme: "b",
            line: 3,
        },
        Token {
            type_: And,
            lexeme: "and",
            line: 3,
        },
        Token {
            type_: Bang,
            lexeme: "!",
            line: 3,
        },
        Token {
            type_: Bang,
            lexeme: "!",
            line: 3,
        },
        Token {
            type_: Identifier,
            lexeme: "c",
            line: 3,
        },
        Token {
            type_: BangEqual,
            lexeme: "!=",
            line: 3,
        },
        Token {
            type_: Identifier,
            lexeme: "d",
            line: 3,
        },
        Token {
            type_: EqualEqual,
            lexeme: "==",
            line: 3,
        },
        Token {
            type_: Identifier,
            lexeme: "e",
            line: 3,
        },
        Token {
            type_: EOF,
            lexeme: "",
            line: 3,
        },
    ],
)
