---
source: src/scanner.rs
expression: "scan_tokens(\"this true var while class and fun\")"
---
Ok(
    [
        Token {
            type_: This,
            lexeme: "this",
            line: 1,
        },
        Token {
            type_: True,
            lexeme: "true",
            line: 1,
        },
        Token {
            type_: Var,
            lexeme: "var",
            line: 1,
        },
        Token {
            type_: While,
            lexeme: "while",
            line: 1,
        },
        Token {
            type_: Class,
            lexeme: "class",
            line: 1,
        },
        Token {
            type_: And,
            lexeme: "and",
            line: 1,
        },
        Token {
            type_: Fun,
            lexeme: "fun",
            line: 1,
        },
        Token {
            type_: EOF,
            lexeme: "",
            line: 1,
        },
    ],
)
